// Jest Snapshot v1, https://goo.gl/fbAQLP

exports[`todos.graphql tests it should be able to instantiate store and load initial data 1`] = `
Object {
  "__queryCache": Object {},
  "todos": Object {
    "a": Object {
      "__typename": "Todo",
      "complete": false,
      "id": "a",
      "text": "Initially loaded todo",
    },
  },
}
`;

exports[`todos.graphql tests it should be able to instantiate store and load initial data 3`] = `
Object {
  "__queryCache": Object {
    "query todos { todos {
        __typename
id
text
complete

      } }undefined": Object {
      "data": Object {
        "todos": Array [
          Object {
            "__typename": "Todo",
            "id": "a",
          },
          Object {
            "__typename": "Todo",
            "id": "b",
          },
        ],
      },
    },
  },
  "todos": Object {
    "a": Object {
      "__typename": "Todo",
      "complete": true,
      "id": "a",
      "text": "Initially loaded todo, now updated",
    },
    "b": Object {
      "__typename": "Todo",
      "complete": false,
      "id": "b",
      "text": "Another todo",
    },
  },
}
`;
